// Jest Snapshot v1, https://goo.gl/fbAQLP

exports[`renders correctly 1`] = `
<div
  className="destinations2"
>
  <div
    className="row"
  >
    <div
      className="col--destinations2 col-lg-3 col-md-4 col-sm-6"
    >
      <div
        className="destination2"
        style={
          Object {
            "backgroundImage": "url(http://localhost:8000/media/__sized__/countries/budva-Montenegro-323863-1920px-16x7-thumbnail-600x600-70.jpg)",
          }
        }
      >
        <a
          className="destinations2__link btn btn-lg btn-primary"
          href="/najem-plovil?destinations=country-149-%C4%8Crna%20Gora"
          onClick={[Function]}
        >
          ÄŒrna Gora
        </a>
      </div>
    </div>
    <div
      className="col--destinations2 col-lg-3 col-md-4 col-sm-6"
    >
      <div
        className="destination2"
        style={
          Object {
            "backgroundImage": "url(http://localhost:8000/media/__sized__/countries/Piran_-Slovenia-324247-1920px-16x7-thumbnail-600x600-70.jpg)",
          }
        }
      >
        <a
          className="destinations2__link btn btn-lg btn-primary"
          href="/najem-plovil?destinations=country-201-Slovenija"
          onClick={[Function]}
        >
          Slovenija
        </a>
      </div>
    </div>
  </div>
</div>
`;
